****************************************
Report : analysis_coverage
Design : top
Version: P-2019.03-SP5-1
Date   : Wed Jun 19 18:52:39 2024
****************************************

Type of Check         Total              Met         Violated         Untested
--------------------------------------------------------------------------------
setup                   265       264 (100%)         0 (  0%)         1 (  0%)
hold                    265       221 ( 83%)        35 ( 13%)         9 (  3%)
recovery                265         0 (  0%)         0 (  0%)       265 (100%)
removal                 265         0 (  0%)         0 (  0%)       265 (100%)
min_pulse_width         795       530 ( 67%)         0 (  0%)       265 ( 33%)
out_setup                 8         8 (100%)         0 (  0%)         0 (  0%)
out_hold                  8         0 (  0%)         0 (  0%)         8 (100%)
--------------------------------------------------------------------------------
All Checks             1871      1023 ( 55%)        35 (  2%)       813 ( 43%)

1
****************************************
Report : analysis_coverage
Design : top
Version: P-2019.03-SP5-1
Date   : Wed Jun 19 18:53:28 2024
****************************************

Type of Check         Total              Met         Violated         Untested
--------------------------------------------------------------------------------
setup                   265       260 ( 98%)         4 (  2%)         1 (  0%)
hold                    265       221 ( 83%)        35 ( 13%)         9 (  3%)
recovery                265         0 (  0%)         0 (  0%)       265 (100%)
removal                 265         0 (  0%)         0 (  0%)       265 (100%)
min_pulse_width         795       530 ( 67%)         0 (  0%)       265 ( 33%)
out_setup                 8         8 (100%)         0 (  0%)         0 (  0%)
out_hold                  8         0 (  0%)         0 (  0%)         8 (100%)
--------------------------------------------------------------------------------
All Checks             1871      1019 ( 54%)        39 (  2%)       813 ( 43%)

1
****************************************
Report : analysis_coverage
Design : top
Version: P-2019.03-SP5-1
Date   : Wed Jun 19 18:54:10 2024
****************************************

Type of Check         Total              Met         Violated         Untested
--------------------------------------------------------------------------------
setup                   427       344 ( 81%)        83 ( 19%)         0 (  0%)
hold                    427       345 ( 81%)        74 ( 17%)         8 (  2%)
recovery                427         0 (  0%)         0 (  0%)       427 (100%)
removal                 427         0 (  0%)         0 (  0%)       427 (100%)
min_pulse_width        1281       854 ( 67%)         0 (  0%)       427 ( 33%)
out_setup                 8         1 ( 13%)         7 ( 88%)         0 (  0%)
out_hold                  8         0 (  0%)         0 (  0%)         8 (100%)
--------------------------------------------------------------------------------
All Checks             3005      1544 ( 51%)       164 (  5%)      1297 ( 43%)

1
