****************************************
Report : analysis_coverage
Design : top
Version: P-2019.03-SP5-1
Date   : Tue Jun 18 22:46:59 2024
****************************************

Type of Check         Total              Met         Violated         Untested
--------------------------------------------------------------------------------
setup                   391       390 (100%)         0 (  0%)         1 (  0%)
hold                    391       382 ( 98%)         0 (  0%)         9 (  2%)
recovery                391         0 (  0%)         0 (  0%)       391 (100%)
removal                 391         0 (  0%)         0 (  0%)       391 (100%)
min_pulse_width        1173       782 ( 67%)         0 (  0%)       391 ( 33%)
out_setup                 8         8 (100%)         0 (  0%)         0 (  0%)
out_hold                  8         0 (  0%)         0 (  0%)         8 (100%)
--------------------------------------------------------------------------------
All Checks             2753      1562 ( 57%)         0 (  0%)      1191 ( 43%)

1
****************************************
Report : analysis_coverage
Design : top
Version: P-2019.03-SP5-1
Date   : Tue Jun 18 23:39:45 2024
****************************************

Type of Check         Total              Met         Violated         Untested
--------------------------------------------------------------------------------
setup                   396       395 (100%)         0 (  0%)         1 (  0%)
hold                    396       387 ( 98%)         0 (  0%)         9 (  2%)
recovery                396         0 (  0%)         0 (  0%)       396 (100%)
removal                 396         0 (  0%)         0 (  0%)       396 (100%)
min_pulse_width        1188       792 ( 67%)         0 (  0%)       396 ( 33%)
out_setup                 8         8 (100%)         0 (  0%)         0 (  0%)
out_hold                  8         0 (  0%)         0 (  0%)         8 (100%)
--------------------------------------------------------------------------------
All Checks             2788      1582 ( 57%)         0 (  0%)      1206 ( 43%)

1
****************************************
Report : analysis_coverage
Design : top
Version: P-2019.03-SP5-1
Date   : Tue Jun 18 23:51:58 2024
****************************************

Type of Check         Total              Met         Violated         Untested
--------------------------------------------------------------------------------
setup                   398       321 ( 81%)        75 ( 19%)         2 (  1%)
hold                    398       334 ( 84%)        54 ( 14%)        10 (  3%)
recovery                398         0 (  0%)         0 (  0%)       398 (100%)
removal                 398         0 (  0%)         0 (  0%)       398 (100%)
min_pulse_width        1194       796 ( 67%)         0 (  0%)       398 ( 33%)
out_setup                 8         1 ( 13%)         7 ( 88%)         0 (  0%)
out_hold                  8         0 (  0%)         0 (  0%)         8 (100%)
--------------------------------------------------------------------------------
All Checks             2802      1452 ( 52%)       136 (  5%)      1214 ( 43%)

1
****************************************
Report : analysis_coverage
Design : top
Version: P-2019.03-SP5-1
Date   : Tue Jun 18 23:54:01 2024
****************************************

Type of Check         Total              Met         Violated         Untested
--------------------------------------------------------------------------------
setup                   382       319 ( 84%)        62 ( 16%)         1 (  0%)
hold                    382       373 ( 98%)         0 (  0%)         9 (  2%)
recovery                382         0 (  0%)         0 (  0%)       382 (100%)
removal                 382         0 (  0%)         0 (  0%)       382 (100%)
min_pulse_width        1146       764 ( 67%)         0 (  0%)       382 ( 33%)
out_setup                 8         2 ( 25%)         6 ( 75%)         0 (  0%)
out_hold                  8         0 (  0%)         0 (  0%)         8 (100%)
--------------------------------------------------------------------------------
All Checks             2690      1458 ( 54%)        68 (  3%)      1164 ( 43%)

1
****************************************
Report : analysis_coverage
Design : top
Version: P-2019.03-SP5-1
Date   : Tue Jun 18 23:56:15 2024
****************************************

Type of Check         Total              Met         Violated         Untested
--------------------------------------------------------------------------------
setup                   419       418 (100%)         0 (  0%)         1 (  0%)
hold                    419       410 ( 98%)         0 (  0%)         9 (  2%)
recovery                419         0 (  0%)         0 (  0%)       419 (100%)
removal                 419         0 (  0%)         0 (  0%)       419 (100%)
min_pulse_width        1257       838 ( 67%)         0 (  0%)       419 ( 33%)
out_setup                 8         1 ( 13%)         7 ( 88%)         0 (  0%)
out_hold                  8         0 (  0%)         0 (  0%)         8 (100%)
--------------------------------------------------------------------------------
All Checks             2949      1667 ( 57%)         7 (  0%)      1275 ( 43%)

1
****************************************
Report : analysis_coverage
Design : top
Version: P-2019.03-SP5-1
Date   : Tue Jun 18 23:57:08 2024
****************************************

Type of Check         Total              Met         Violated         Untested
--------------------------------------------------------------------------------
setup                   419       418 (100%)         0 (  0%)         1 (  0%)
hold                    419       410 ( 98%)         0 (  0%)         9 (  2%)
recovery                419         0 (  0%)         0 (  0%)       419 (100%)
removal                 419         0 (  0%)         0 (  0%)       419 (100%)
min_pulse_width        1257       838 ( 67%)         0 (  0%)       419 ( 33%)
out_setup                 8         1 ( 13%)         7 ( 88%)         0 (  0%)
out_hold                  8         0 (  0%)         0 (  0%)         8 (100%)
--------------------------------------------------------------------------------
All Checks             2949      1667 ( 57%)         7 (  0%)      1275 ( 43%)

1
****************************************
Report : analysis_coverage
Design : top
Version: P-2019.03-SP5-1
Date   : Tue Jun 18 23:57:48 2024
****************************************

Type of Check         Total              Met         Violated         Untested
--------------------------------------------------------------------------------
setup                   392       392 (100%)         0 (  0%)         0 (  0%)
hold                    392       384 ( 98%)         0 (  0%)         8 (  2%)
recovery                392         0 (  0%)         0 (  0%)       392 (100%)
removal                 392         0 (  0%)         0 (  0%)       392 (100%)
min_pulse_width        1176       784 ( 67%)         0 (  0%)       392 ( 33%)
out_setup                 8         8 (100%)         0 (  0%)         0 (  0%)
out_hold                  8         0 (  0%)         0 (  0%)         8 (100%)
--------------------------------------------------------------------------------
All Checks             2760      1568 ( 57%)         0 (  0%)      1192 ( 43%)

1
****************************************
Report : analysis_coverage
Design : top
Version: P-2019.03-SP5-1
Date   : Wed Jun 19 00:06:32 2024
****************************************

Type of Check         Total              Met         Violated         Untested
--------------------------------------------------------------------------------
setup                   385       385 (100%)         0 (  0%)         0 (  0%)
hold                    385       377 ( 98%)         0 (  0%)         8 (  2%)
recovery                385         0 (  0%)         0 (  0%)       385 (100%)
removal                 385         0 (  0%)         0 (  0%)       385 (100%)
min_pulse_width        1155       770 ( 67%)         0 (  0%)       385 ( 33%)
out_setup                 8         8 (100%)         0 (  0%)         0 (  0%)
out_hold                  8         0 (  0%)         0 (  0%)         8 (100%)
--------------------------------------------------------------------------------
All Checks             2711      1540 ( 57%)         0 (  0%)      1171 ( 43%)

1
****************************************
Report : analysis_coverage
Design : top
Version: P-2019.03-SP5-1
Date   : Wed Jun 19 00:31:12 2024
****************************************

Type of Check         Total              Met         Violated         Untested
--------------------------------------------------------------------------------
setup                   427       344 ( 81%)        83 ( 19%)         0 (  0%)
hold                    427       345 ( 81%)        74 ( 17%)         8 (  2%)
recovery                427         0 (  0%)         0 (  0%)       427 (100%)
removal                 427         0 (  0%)         0 (  0%)       427 (100%)
min_pulse_width        1281       854 ( 67%)         0 (  0%)       427 ( 33%)
out_setup                 8         1 ( 13%)         7 ( 88%)         0 (  0%)
out_hold                  8         0 (  0%)         0 (  0%)         8 (100%)
--------------------------------------------------------------------------------
All Checks             3005      1544 ( 51%)       164 (  5%)      1297 ( 43%)

1
****************************************
Report : analysis_coverage
Design : top
Version: P-2019.03-SP5-1
Date   : Wed Jun 19 00:33:35 2024
****************************************

Type of Check         Total              Met         Violated         Untested
--------------------------------------------------------------------------------
setup                   358       310 ( 87%)        47 ( 13%)         1 (  0%)
hold                    358       291 ( 81%)        58 ( 16%)         9 (  3%)
recovery                358         0 (  0%)         0 (  0%)       358 (100%)
removal                 358         0 (  0%)         0 (  0%)       358 (100%)
min_pulse_width        1074       716 ( 67%)         0 (  0%)       358 ( 33%)
out_setup                 8         8 (100%)         0 (  0%)         0 (  0%)
out_hold                  8         0 (  0%)         0 (  0%)         8 (100%)
--------------------------------------------------------------------------------
All Checks             2522      1325 ( 53%)       105 (  4%)      1092 ( 43%)

1
****************************************
Report : analysis_coverage
Design : top
Version: P-2019.03-SP5-1
Date   : Wed Jun 19 00:34:18 2024
****************************************

Type of Check         Total              Met         Violated         Untested
--------------------------------------------------------------------------------
setup                   353       300 ( 85%)        52 ( 15%)         1 (  0%)
hold                    353       286 ( 81%)        58 ( 16%)         9 (  3%)
recovery                353         0 (  0%)         0 (  0%)       353 (100%)
removal                 353         0 (  0%)         0 (  0%)       353 (100%)
min_pulse_width        1059       706 ( 67%)         0 (  0%)       353 ( 33%)
out_setup                 8         3 ( 38%)         5 ( 63%)         0 (  0%)
out_hold                  8         0 (  0%)         0 (  0%)         8 (100%)
--------------------------------------------------------------------------------
All Checks             2487      1295 ( 52%)       115 (  5%)      1077 ( 43%)

1
****************************************
Report : analysis_coverage
Design : top
Version: P-2019.03-SP5-1
Date   : Wed Jun 19 00:34:48 2024
****************************************

Type of Check         Total              Met         Violated         Untested
--------------------------------------------------------------------------------
setup                   265       251 ( 95%)        13 (  5%)         1 (  0%)
hold                    265       219 ( 83%)        37 ( 14%)         9 (  3%)
recovery                265         0 (  0%)         0 (  0%)       265 (100%)
removal                 265         0 (  0%)         0 (  0%)       265 (100%)
min_pulse_width         795       530 ( 67%)         0 (  0%)       265 ( 33%)
out_setup                 8         8 (100%)         0 (  0%)         0 (  0%)
out_hold                  8         0 (  0%)         0 (  0%)         8 (100%)
--------------------------------------------------------------------------------
All Checks             1871      1008 ( 54%)        50 (  3%)       813 ( 43%)

1
****************************************
Report : analysis_coverage
Design : top
Version: P-2019.03-SP5-1
Date   : Wed Jun 19 00:35:30 2024
****************************************

Type of Check         Total              Met         Violated         Untested
--------------------------------------------------------------------------------
setup                   265       264 (100%)         0 (  0%)         1 (  0%)
hold                    265       221 ( 83%)        35 ( 13%)         9 (  3%)
recovery                265         0 (  0%)         0 (  0%)       265 (100%)
removal                 265         0 (  0%)         0 (  0%)       265 (100%)
min_pulse_width         795       530 ( 67%)         0 (  0%)       265 ( 33%)
out_setup                 8         8 (100%)         0 (  0%)         0 (  0%)
out_hold                  8         0 (  0%)         0 (  0%)         8 (100%)
--------------------------------------------------------------------------------
All Checks             1871      1023 ( 55%)        35 (  2%)       813 ( 43%)

1
****************************************
Report : analysis_coverage
Design : top
Version: P-2019.03-SP5-1
Date   : Wed Jun 19 00:36:03 2024
****************************************

Type of Check         Total              Met         Violated         Untested
--------------------------------------------------------------------------------
setup                   265       264 (100%)         0 (  0%)         1 (  0%)
hold                    265       221 ( 83%)        35 ( 13%)         9 (  3%)
recovery                265         0 (  0%)         0 (  0%)       265 (100%)
removal                 265         0 (  0%)         0 (  0%)       265 (100%)
min_pulse_width         795       530 ( 67%)         0 (  0%)       265 ( 33%)
out_setup                 8         8 (100%)         0 (  0%)         0 (  0%)
out_hold                  8         0 (  0%)         0 (  0%)         8 (100%)
--------------------------------------------------------------------------------
All Checks             1871      1023 ( 55%)        35 (  2%)       813 ( 43%)

1
****************************************
Report : analysis_coverage
Design : top
Version: P-2019.03-SP5-1
Date   : Wed Jun 19 00:36:34 2024
****************************************

Type of Check         Total              Met         Violated         Untested
--------------------------------------------------------------------------------
setup                   265       257 ( 97%)         7 (  3%)         1 (  0%)
hold                    265       219 ( 83%)        37 ( 14%)         9 (  3%)
recovery                265         0 (  0%)         0 (  0%)       265 (100%)
removal                 265         0 (  0%)         0 (  0%)       265 (100%)
min_pulse_width         795       530 ( 67%)         0 (  0%)       265 ( 33%)
out_setup                 8         8 (100%)         0 (  0%)         0 (  0%)
out_hold                  8         0 (  0%)         0 (  0%)         8 (100%)
--------------------------------------------------------------------------------
All Checks             1871      1014 ( 54%)        44 (  2%)       813 ( 43%)

1
****************************************
Report : analysis_coverage
Design : top
Version: P-2019.03-SP5-1
Date   : Wed Jun 19 00:37:00 2024
****************************************

Type of Check         Total              Met         Violated         Untested
--------------------------------------------------------------------------------
setup                   265       259 ( 98%)         5 (  2%)         1 (  0%)
hold                    265       221 ( 83%)        35 ( 13%)         9 (  3%)
recovery                265         0 (  0%)         0 (  0%)       265 (100%)
removal                 265         0 (  0%)         0 (  0%)       265 (100%)
min_pulse_width         795       530 ( 67%)         0 (  0%)       265 ( 33%)
out_setup                 8         8 (100%)         0 (  0%)         0 (  0%)
out_hold                  8         0 (  0%)         0 (  0%)         8 (100%)
--------------------------------------------------------------------------------
All Checks             1871      1018 ( 54%)        40 (  2%)       813 ( 43%)

1
****************************************
Report : analysis_coverage
Design : top
Version: P-2019.03-SP5-1
Date   : Wed Jun 19 00:37:25 2024
****************************************

Type of Check         Total              Met         Violated         Untested
--------------------------------------------------------------------------------
setup                   265       260 ( 98%)         4 (  2%)         1 (  0%)
hold                    265       221 ( 83%)        35 ( 13%)         9 (  3%)
recovery                265         0 (  0%)         0 (  0%)       265 (100%)
removal                 265         0 (  0%)         0 (  0%)       265 (100%)
min_pulse_width         795       530 ( 67%)         0 (  0%)       265 ( 33%)
out_setup                 8         8 (100%)         0 (  0%)         0 (  0%)
out_hold                  8         0 (  0%)         0 (  0%)         8 (100%)
--------------------------------------------------------------------------------
All Checks             1871      1019 ( 54%)        39 (  2%)       813 ( 43%)

1
****************************************
Report : analysis_coverage
Design : top
Version: P-2019.03-SP5-1
Date   : Wed Jun 19 00:39:03 2024
****************************************

Type of Check         Total              Met         Violated         Untested
--------------------------------------------------------------------------------
setup                   398       398 (100%)         0 (  0%)         0 (  0%)
hold                    398       390 ( 98%)         0 (  0%)         8 (  2%)
recovery                398         0 (  0%)         0 (  0%)       398 (100%)
removal                 398         0 (  0%)         0 (  0%)       398 (100%)
min_pulse_width        1194       796 ( 67%)         0 (  0%)       398 ( 33%)
out_setup                 8         8 (100%)         0 (  0%)         0 (  0%)
out_hold                  8         0 (  0%)         0 (  0%)         8 (100%)
--------------------------------------------------------------------------------
All Checks             2802      1592 ( 57%)         0 (  0%)      1210 ( 43%)

1
