Loading db file '/tools/synopsys/syn/O-2018.06-SP5-5/libraries/syn/dw_foundation.sldb'
Warning: DesignWare synthetic library dw_foundation.sldb is added to the synthetic_library in the current command. (UISN-40)
Warning: The -timing_high_effort_script option is ignored.  (OPT-1342)
Information: Performing power optimization. (PWR-850)
Alib files are up-to-date.
Warning: DesignWare synthetic library dw_foundation.sldb is added to the synthetic_library in the current command. (UISN-40)
Information: Evaluating DesignWare library utilization. (UISN-27)

============================================================================
| DesignWare Building Block Library  |         Version         | Available |
============================================================================
| Basic DW Building Blocks           | O-2018.06-DWBB_201806.5 |     *     |
| Licensed DW Building Blocks        | O-2018.06-DWBB_201806.5 |     *     |
============================================================================

Information: Sequential output inversion is enabled.  SVF file must be used for formal verification. (OPT-1208)
Information: Retiming is enabled. SVF file must be used for formal verification. (OPT-1210)

Information: There are 6 potential problems in your design. Please run 'check_design' for more information. (LINT-99)

  Simplifying Design 'my_design'

Loaded alib file './alib-52/class.db.alib'
  Building model 'DW01_NAND2'
Information: Ungrouping hierarchy u_combo before Pass 1 (OPT-776)
Information: Ungrouping 1 of 2 hierarchies before Pass 1 (OPT-775)
Information: State dependent leakage is now switched from on to off.

  Beginning Pass 1 Mapping
  ------------------------
  Processing 'my_design'
 Implement Synthetic for 'my_design'.

  Updating timing information
Information: Updating design information... (UID-85)
Warning: Main library 'class' does not specify the following unit required for power: 'Leakage Power'. (PWR-424)
Warning: Target library(s) are not characterized for internal power.  Compile with power constraints is NOT recommended. (PWR-13)

  Beginning Mapping Optimizations  (Ultra High effort)
  -------------------------------
Information: Added key list 'DesignWare' to design 'my_design'. (DDB-72)
Information: There is no timing violation in design my_design. Delay-based auto_ungroup will not be performed. (OPT-780)

  Beginning Constant Register Removal
  -----------------------------------

  Beginning Global Optimizations
  ------------------------------
  Global Optimization (Phase 1)
  Global Optimization (Phase 2)
  Global Optimization (Phase 3)
  Global Optimization (Phase 4)
  Global Optimization (Phase 5)
  Global Optimization (Phase 6)
  Global Optimization (Phase 7)
  Global Optimization (Phase 8)
  Global Optimization (Phase 9)
  Global Optimization (Phase 10)
  Global Optimization (Phase 11)
  Global Optimization (Phase 12)
  Global Optimization (Phase 13)
  Global Optimization (Phase 14)
  Global Optimization (Phase 15)
  Global Optimization (Phase 16)
  Global Optimization (Phase 17)
  Global Optimization (Phase 18)
  Global Optimization (Phase 19)
  Global Optimization (Phase 20)
  Global Optimization (Phase 21)
  Global Optimization (Phase 22)
  Global Optimization (Phase 23)
  Global Optimization (Phase 24)
  Global Optimization (Phase 25)
  Global Optimization (Phase 26)
  Global Optimization (Phase 27)
  Global Optimization (Phase 28)
  Global Optimization (Phase 29)
  Global Optimization (Phase 30)

  Beginning Isolate Ports
  -----------------------

  Beginning Delay Optimization
  ----------------------------

                                  TOTAL                                                
   ELAPSED            WORST NEG   SETUP    DESIGN                              LEAKAGE 
    TIME      AREA      SLACK     COST    RULE COST         ENDPOINT            POWER  
  --------- --------- --------- --------- --------- ------------------------- ---------
    0:00:00     286.0      0.00       0.0       0.0                              0.0000
    0:00:00     286.0      0.00       0.0       0.0                              0.0000
    0:00:00     286.0      0.00       0.0       0.0                              0.0000
    0:00:00     286.0      0.00       0.0       0.0                              0.0000

  Beginning WLM Backend Optimization
  --------------------------------------
    0:00:00     286.0      0.00       0.0       0.0                              0.0000
    0:00:00     286.0      0.00       0.0       0.0                              0.0000
    0:00:00     286.0      0.00       0.0       0.0                              0.0000
    0:00:00     286.0      0.00       0.0       0.0                              0.0000
    0:00:00     286.0      0.00       0.0       0.0                              0.0000
    0:00:00     286.0      0.00       0.0       0.0                              0.0000
    0:00:00     286.0      0.00       0.0       0.0                              0.0000
    0:00:00     286.0      0.00       0.0       0.0                              0.0000
    0:00:00     286.0      0.00       0.0       0.0                              0.0000
    0:00:00     286.0      0.00       0.0       0.0                              0.0000
    0:00:00     286.0      0.00       0.0       0.0                              0.0000
    0:00:00     286.0      0.00       0.0       0.0                              0.0000
    0:00:00     286.0      0.00       0.0       0.0                              0.0000
    0:00:00     286.0      0.00       0.0       0.0                              0.0000
    0:00:00     286.0      0.00       0.0       0.0                              0.0000
    0:00:00     286.0      0.00       0.0       0.0                              0.0000
    0:00:00     286.0      0.00       0.0       0.0                              0.0000
    0:00:00     286.0      0.00       0.0       0.0                              0.0000
    0:00:00     286.0      0.00       0.0       0.0                              0.0000
    0:00:00     286.0      0.00       0.0       0.0                              0.0000
    0:00:00     286.0      0.00       0.0       0.0                              0.0000
    0:00:00     286.0      0.00       0.0       0.0                              0.0000
    0:00:00     286.0      0.00       0.0       0.0                              0.0000
    0:00:00     286.0      0.00       0.0       0.0                              0.0000
    0:00:00     286.0      0.00       0.0       0.0                              0.0000
    0:00:00     286.0      0.00       0.0       0.0                              0.0000
    0:00:00     286.0      0.00       0.0       0.0                              0.0000
    0:00:00     286.0      0.00       0.0       0.0                              0.0000
    0:00:00     286.0      0.00       0.0       0.0                              0.0000
    0:00:00     286.0      0.00       0.0       0.0                              0.0000
    0:00:00     286.0      0.00       0.0       0.0                              0.0000
    0:00:00     286.0      0.00       0.0       0.0                              0.0000
    0:00:00     286.0      0.00       0.0       0.0                              0.0000
    0:00:00     286.0      0.00       0.0       0.0                              0.0000
    0:00:00     286.0      0.00       0.0       0.0                              0.0000
    0:00:00     286.0      0.00       0.0       0.0                              0.0000
    0:00:00     286.0      0.00       0.0       0.0                              0.0000
    0:00:00     286.0      0.00       0.0       0.0                              0.0000
    0:00:00     286.0      0.00       0.0       0.0                              0.0000
    0:00:00     286.0      0.00       0.0       0.0                              0.0000
    0:00:00     286.0      0.00       0.0       0.0                              0.0000
    0:00:00     286.0      0.00       0.0       0.0                              0.0000
    0:00:00     286.0      0.00       0.0       0.0                              0.0000
    0:00:00     286.0      0.00       0.0       0.0                              0.0000

                                  TOTAL                                                
   ELAPSED            WORST NEG   SETUP    DESIGN                              LEAKAGE 
    TIME      AREA      SLACK     COST    RULE COST         ENDPOINT            POWER  
  --------- --------- --------- --------- --------- ------------------------- ---------
    0:00:00     286.0      0.00       0.0       0.0                              0.0000
    0:00:00     286.0      0.00       0.0       0.0                              0.0000
    0:00:00     286.0      0.00       0.0       0.0                              0.0000
    0:00:00     286.0      0.00       0.0       0.0                              0.0000
    0:00:00     286.0      0.00       0.0       0.0                              0.0000
    0:00:00     286.0      0.00       0.0       0.0                              0.0000
    0:00:00     286.0      0.00       0.0       0.0                              0.0000
    0:00:00     286.0      0.00       0.0       0.0                              0.0000
    0:00:00     286.0      0.00       0.0       0.0                              0.0000
Loading db file '/tools/synopsys/syn/O-2018.06-SP5-5/libraries/syn/class.db'


Note: Symbol # after min delay cost means estimated hold TNS across all active scenarios 


  Optimization Complete
  ---------------------
Information: State dependent leakage is now switched from off to on.
Warning: Main library 'class' does not specify the following unit required for power: 'Leakage Power'. (PWR-424)
Information: Propagating switching activity (low effort zero delay simulation). (PWR-6)
Warning: There is no defined clock in the design. (PWR-80)
1
